GAMS 25.1.2  r67455 Released Aug  1, 2018 DEX-DEG x86 64bit/Mac OS X - 09/12/18 17:31:28 Page 1
G e n e r a l   A l g e b r a i c   M o d e l i n g   S y s t e m
C o m p i l a t i o n


   1  set i /1*2/;
   2  variable z;
   3  integer variables x(i);
   4   
   5  equations
   6  obj
   7  constraint1
   8  constraint2
   9  ;
  10   
  11  obj.. z =e= 3*x('1')+4*x('2');
  12  constraint1.. x('1')+2*x('2') =l= 10;
  13  constraint2.. 2.5*x('1')+x('2') =l= 12;
  14   
  15  Model linear_programming /all/ ;
  16   
  17  solve linear_programming using MIP maximizing z;
  18   
  19  display x.l;
  20  display z.l;


COMPILATION TIME     =        0.003 SECONDS      3 MB  25.1.2 r67455 DEX-DEG
GAMS 25.1.2  r67455 Released Aug  1, 2018 DEX-DEG x86 64bit/Mac OS X - 09/12/18 17:31:28 Page 2
G e n e r a l   A l g e b r a i c   M o d e l i n g   S y s t e m
Equation Listing    SOLVE linear_programming Using MIP From line 17


---- obj  =E=  

obj..  z - 3*x(1) - 4*x(2) =E= 0 ; (LHS = 0)
     

---- constraint1  =L=  

constraint1..  x(1) + 2*x(2) =L= 10 ; (LHS = 0)
     

---- constraint2  =L=  

constraint2..  2.5*x(1) + x(2) =L= 12 ; (LHS = 0)
     
GAMS 25.1.2  r67455 Released Aug  1, 2018 DEX-DEG x86 64bit/Mac OS X - 09/12/18 17:31:28 Page 3
G e n e r a l   A l g e b r a i c   M o d e l i n g   S y s t e m
Column Listing      SOLVE linear_programming Using MIP From line 17


---- z  

z
                (.LO, .L, .UP, .M = -INF, 0, +INF, 0)
        1       obj


---- x  

x(1)
                (.LO, .L, .UP, .M = 0, 0, 100, 0)
       -3       obj
        1       constraint1
        2.5     constraint2

x(2)
                (.LO, .L, .UP, .M = 0, 0, 100, 0)
       -4       obj
        2       constraint1
        1       constraint2


****
****  2 Integer +INF Bounds have been reset to 100 (see Option IntVarUp)
****
GAMS 25.1.2  r67455 Released Aug  1, 2018 DEX-DEG x86 64bit/Mac OS X - 09/12/18 17:31:28 Page 4
G e n e r a l   A l g e b r a i c   M o d e l i n g   S y s t e m
Model Statistics    SOLVE linear_programming Using MIP From line 17


MODEL STATISTICS

BLOCKS OF EQUATIONS           3     SINGLE EQUATIONS            3
BLOCKS OF VARIABLES           2     SINGLE VARIABLES            3
NON ZERO ELEMENTS             7     DISCRETE VARIABLES          2


GENERATION TIME      =        0.035 SECONDS      4 MB  25.1.2 r67455 DEX-DEG


EXECUTION TIME       =        0.036 SECONDS      4 MB  25.1.2 r67455 DEX-DEG
GAMS 25.1.2  r67455 Released Aug  1, 2018 DEX-DEG x86 64bit/Mac OS X - 09/12/18 17:31:28 Page 5
G e n e r a l   A l g e b r a i c   M o d e l i n g   S y s t e m
Solution Report     SOLVE linear_programming Using MIP From line 17


               S O L V E      S U M M A R Y

     MODEL   linear_programming   OBJECTIVE  z
     TYPE    MIP                  DIRECTION  MAXIMIZE
     SOLVER  CPLEX                FROM LINE  17

**** SOLVER STATUS     1 Normal Completion         
**** MODEL STATUS      8 Integer Solution          
**** OBJECTIVE VALUE               22.0000

 RESOURCE USAGE, LIMIT          0.077      1000.000
 ITERATION COUNT, LIMIT         2    2000000000

IBM ILOG CPLEX   25.1.2 r67455 Released Aug  1, 2018 DEG x86 64bit/Mac OS X   
Cplex 12.8.0.0

Space for names approximately 0.00 Mb
Use option 'names no' to turn use of names off
MIP status(102): integer optimal, tolerance
Cplex Time: 0.04sec (det. 0.02 ticks)
Fixing integer variables, and solving final LP...
Fixed MIP status(1): optimal
Cplex Time: 0.00sec (det. 0.00 ticks)
Solution satisfies tolerances.

MIP Solution:           22.000000    (2 iterations, 0 nodes)
Final Solve:            22.000000    (0 iterations)

Best possible:          23.333333
Absolute gap:            1.333333
Relative gap:            0.057143


                           LOWER          LEVEL          UPPER         MARGINAL

---- EQU obj                 .              .              .             1.0000      
---- EQU constrain~        -INF           10.0000        10.0000          .          
---- EQU constrain~        -INF            9.0000        12.0000          .          

                           LOWER          LEVEL          UPPER         MARGINAL

---- VAR z                 -INF           22.0000        +INF             .          

---- VAR x  

         LOWER          LEVEL          UPPER         MARGINAL

1          .             2.0000       100.0000         3.0000      
2          .             4.0000       100.0000         4.0000      


**** REPORT SUMMARY :        0     NONOPT
                             0 INFEASIBLE
                             0  UNBOUNDED
GAMS 25.1.2  r67455 Released Aug  1, 2018 DEX-DEG x86 64bit/Mac OS X - 09/12/18 17:31:28 Page 6
G e n e r a l   A l g e b r a i c   M o d e l i n g   S y s t e m
E x e c u t i o n


----     19 VARIABLE x.L  

1 2.000,    2 4.000


----     20 VARIABLE z.L                   =       22.000  


EXECUTION TIME       =        0.002 SECONDS      3 MB  25.1.2 r67455 DEX-DEG


USER: GAMS Development Corporation, USA              G871201/0000CA-ANY
      Free Demo, +1 202-342-0180, support@gams.com, www.gams.com DC0000


**** FILE SUMMARY

Input      /Users/river/Desktop/integer.gms
Output     /Users/river/Desktop/integer.lst
