GAMS 25.1.2  r67455 Released Aug  1, 2018 DEX-DEG x86 64bit/Mac OS X - 09/12/18 17:31:38 Page 1
min-cost flow Problem
C o m p i l a t i o n


   2   
   3  set i nodes /1*4/;
   4  alias (i, j);
   5   
   6  parameter u(i,j) link capacity /
   7  1. 2   500
   8  1. 3   900
   9  2. 3   700
  10  3. 2   400
  11  2. 4   600
  12  3. 4   1000
  13  /;
  14   
  15  parameter c(i,j) link cost /
  16  1. 2   20
  17  1. 3   25
  18  2. 3   10
  19  3. 2   15
  20  2. 4   20
  21  3. 4   40
  22  /;
  23   
  24  parameter b(i) demand /
  25  1 1200
  26  2 0
  27  3 0
  28  4 -1200
  29  /;
  30   
  31  variable z;
  32  positive variable f(i,j);
  33   
  34  equations
  35  obj                              define objective function
  36  flow_blance_on_node(i)
  37  link_cap(i,j)
  38  ;
  39   
  40  obj.. z =e= sum((i,j)$(u(i,j)),c(i,j)*f(i,j));
  41  flow_blance_on_node(i).. sum(j$(u(i,j)), f(i,j))-sum(j$(u(j,i)), f(j,i))=e= b(i);
  42  link_cap(i,j)$(u(i,j)>0.1).. f(i,j)=l=u(i,j);
  43   
  44  Model maximal_flow_problem /all/ ;
  45   
  46  solve maximal_flow_problem using LP minimizing z;
  47   
  48  display f.l;
  49  display z.l;


COMPILATION TIME     =        0.001 SECONDS      3 MB  25.1.2 r67455 DEX-DEG
GAMS 25.1.2  r67455 Released Aug  1, 2018 DEX-DEG x86 64bit/Mac OS X - 09/12/18 17:31:38 Page 2
min-cost flow Problem
Equation Listing    SOLVE maximal_flow_problem Using LP From line 46


---- obj  =E=  define objective function

obj..  z - 20*f(1,2) - 25*f(1,3) - 10*f(2,3) - 20*f(2,4) - 15*f(3,2) - 40*f(3,4) =E= 0 ; (LHS = 0)
     

---- flow_blance_on_node  =E=  

flow_blance_on_node(1)..  f(1,2) + f(1,3) =E= 1200 ; (LHS = 0, INFES = 1200 ****)
     
flow_blance_on_node(2)..  - f(1,2) + f(2,3) + f(2,4) - f(3,2) =E= 0 ; (LHS = 0)
     
flow_blance_on_node(3)..  - f(1,3) - f(2,3) + f(3,2) + f(3,4) =E= 0 ; (LHS = 0)
     
REMAINING ENTRY SKIPPED


---- link_cap  =L=  

link_cap(1,2)..  f(1,2) =L= 500 ; (LHS = 0)
     
link_cap(1,3)..  f(1,3) =L= 900 ; (LHS = 0)
     
link_cap(2,3)..  f(2,3) =L= 700 ; (LHS = 0)
     
REMAINING 3 ENTRIES SKIPPED

GAMS 25.1.2  r67455 Released Aug  1, 2018 DEX-DEG x86 64bit/Mac OS X - 09/12/18 17:31:38 Page 3
min-cost flow Problem
Column Listing      SOLVE maximal_flow_problem Using LP From line 46


---- z  

z
                (.LO, .L, .UP, .M = -INF, 0, +INF, 0)
        1       obj


---- f  

f(1,2)
                (.LO, .L, .UP, .M = 0, 0, +INF, 0)
      -20       obj
        1       flow_blance_on_node(1)
       -1       flow_blance_on_node(2)
        1       link_cap(1,2)

f(1,3)
                (.LO, .L, .UP, .M = 0, 0, +INF, 0)
      -25       obj
        1       flow_blance_on_node(1)
       -1       flow_blance_on_node(3)
        1       link_cap(1,3)

f(2,3)
                (.LO, .L, .UP, .M = 0, 0, +INF, 0)
      -10       obj
        1       flow_blance_on_node(2)
       -1       flow_blance_on_node(3)
        1       link_cap(2,3)

REMAINING 3 ENTRIES SKIPPED
GAMS 25.1.2  r67455 Released Aug  1, 2018 DEX-DEG x86 64bit/Mac OS X - 09/12/18 17:31:38 Page 4
min-cost flow Problem
Model Statistics    SOLVE maximal_flow_problem Using LP From line 46


MODEL STATISTICS

BLOCKS OF EQUATIONS           3     SINGLE EQUATIONS           11
BLOCKS OF VARIABLES           2     SINGLE VARIABLES            7
NON ZERO ELEMENTS            25


GENERATION TIME      =        0.008 SECONDS      4 MB  25.1.2 r67455 DEX-DEG


EXECUTION TIME       =        0.008 SECONDS      4 MB  25.1.2 r67455 DEX-DEG
GAMS 25.1.2  r67455 Released Aug  1, 2018 DEX-DEG x86 64bit/Mac OS X - 09/12/18 17:31:38 Page 5
min-cost flow Problem
Solution Report     SOLVE maximal_flow_problem Using LP From line 46


               S O L V E      S U M M A R Y

     MODEL   maximal_flow_problem   OBJECTIVE  z
     TYPE    LP                     DIRECTION  MINIMIZE
     SOLVER  CPLEX                  FROM LINE  46

**** SOLVER STATUS     1 Normal Completion         
**** MODEL STATUS      1 Optimal                   
**** OBJECTIVE VALUE            65000.0000

 RESOURCE USAGE, LIMIT          0.017      1000.000
 ITERATION COUNT, LIMIT         1    2000000000

IBM ILOG CPLEX   25.1.2 r67455 Released Aug  1, 2018 DEG x86 64bit/Mac OS X   
Cplex 12.8.0.0

Space for names approximately 0.00 Mb
Use option 'names no' to turn use of names off
LP status(1): optimal
Cplex Time: 0.00sec (det. 0.01 ticks)
Optimal solution found.
Objective :       65000.000000


                           LOWER          LEVEL          UPPER         MARGINAL

---- EQU obj                 .              .              .             1.0000      

  obj  define objective function

---- EQU flow_blance_on_node  

         LOWER          LEVEL          UPPER         MARGINAL

1      1200.0000      1200.0000      1200.0000        25.0000      
2          .              .              .           -15.0000      
3          .              .              .              .          
4     -1200.0000     -1200.0000     -1200.0000       -40.0000      

---- EQU link_cap  

           LOWER          LEVEL          UPPER         MARGINAL

1.2        -INF          500.0000       500.0000       -20.0000      
1.3        -INF          700.0000       900.0000          .          
2.3        -INF             .           700.0000          .          
2.4        -INF          600.0000       600.0000        -5.0000      
3.2        -INF          100.0000       400.0000          .          
3.4        -INF          600.0000      1000.0000          .          

                           LOWER          LEVEL          UPPER         MARGINAL

---- VAR z                 -INF        65000.0000        +INF             .          

---- VAR f  

           LOWER          LEVEL          UPPER         MARGINAL

1.2          .           500.0000        +INF             .          
1.3          .           700.0000        +INF             .          
2.3          .              .            +INF           25.0000      
2.4          .           600.0000        +INF             .          
3.2          .           100.0000        +INF             .          
3.4          .           600.0000        +INF             .          


**** REPORT SUMMARY :        0     NONOPT
                             0 INFEASIBLE
                             0  UNBOUNDED
GAMS 25.1.2  r67455 Released Aug  1, 2018 DEX-DEG x86 64bit/Mac OS X - 09/12/18 17:31:38 Page 6
min-cost flow Problem
E x e c u t i o n


----     48 VARIABLE f.L  

            2           3           4

1     500.000     700.000
2                             600.000
3     100.000                 600.000


----     49 VARIABLE z.L                   =    65000.000  


EXECUTION TIME       =        0.002 SECONDS      3 MB  25.1.2 r67455 DEX-DEG


USER: GAMS Development Corporation, USA              G871201/0000CA-ANY
      Free Demo, +1 202-342-0180, support@gams.com, www.gams.com DC0000


**** FILE SUMMARY

Input      /Users/river/Desktop/mini_cost.gms
Output     /Users/river/Desktop/mini_cost.lst
